2025/01/05 00:00:58 &{HostName:http://localhost:8080 Proxy: Admin:{UserName:admin Password:secret Realm:master} KCloak:{UserName:test Password:test Realm:kcloak ClientID:kcloak ClientSecret:kcloak-secret}}
exit status 1
FAIL	github.com/WilfredDube/kcloak	0.033s
